Command: python graphzoom_timed.py --embed_method graphsage --dataset cora --seed 42 --coarse simple --level 2 -f
Configuration: simple_l2
Wall clock start time: Mon Jul 28 11:25:10 AM EDT 2025
Wall clock start timestamp: 1753716310.802017187
========================================
/home/mohammad/anaconda3/envs/graphzoom-tf1/lib/python3.7/site-packages/sklearn/linear_model/least_angle.py:30: DeprecationWarning: `np.float` is a deprecated alias for the builtin `float`. To silence this warning, use `float` by itself. Doing this will not modify any behavior and is safe. If you specifically wanted the numpy scalar type, use `np.float64` here.
Deprecated in NumPy 1.20; for more details and guidance: https://numpy.org/devdocs/release/1.20.0-notes.html#deprecations
  method='lar', copy_X=True, eps=np.finfo(np.float).eps,
/home/mohammad/anaconda3/envs/graphzoom-tf1/lib/python3.7/site-packages/sklearn/linear_model/least_angle.py:167: DeprecationWarning: `np.float` is a deprecated alias for the builtin `float`. To silence this warning, use `float` by itself. Doing this will not modify any behavior and is safe. If you specifically wanted the numpy scalar type, use `np.float64` here.
Deprecated in NumPy 1.20; for more details and guidance: https://numpy.org/devdocs/release/1.20.0-notes.html#deprecations
  method='lar', copy_X=True, eps=np.finfo(np.float).eps,
/home/mohammad/anaconda3/envs/graphzoom-tf1/lib/python3.7/site-packages/sklearn/linear_model/least_angle.py:284: DeprecationWarning: `np.float` is a deprecated alias for the builtin `float`. To silence this warning, use `float` by itself. Doing this will not modify any behavior and is safe. If you specifically wanted the numpy scalar type, use `np.float64` here.
Deprecated in NumPy 1.20; for more details and guidance: https://numpy.org/devdocs/release/1.20.0-notes.html#deprecations
  eps=np.finfo(np.float).eps, copy_Gram=True, verbose=0,
/home/mohammad/anaconda3/envs/graphzoom-tf1/lib/python3.7/site-packages/sklearn/linear_model/least_angle.py:862: DeprecationWarning: `np.float` is a deprecated alias for the builtin `float`. To silence this warning, use `float` by itself. Doing this will not modify any behavior and is safe. If you specifically wanted the numpy scalar type, use `np.float64` here.
Deprecated in NumPy 1.20; for more details and guidance: https://numpy.org/devdocs/release/1.20.0-notes.html#deprecations
  eps=np.finfo(np.float).eps, copy_X=True, fit_path=True,
/home/mohammad/anaconda3/envs/graphzoom-tf1/lib/python3.7/site-packages/sklearn/linear_model/least_angle.py:1101: DeprecationWarning: `np.float` is a deprecated alias for the builtin `float`. To silence this warning, use `float` by itself. Doing this will not modify any behavior and is safe. If you specifically wanted the numpy scalar type, use `np.float64` here.
Deprecated in NumPy 1.20; for more details and guidance: https://numpy.org/devdocs/release/1.20.0-notes.html#deprecations
  eps=np.finfo(np.float).eps, copy_X=True, fit_path=True,
/home/mohammad/anaconda3/envs/graphzoom-tf1/lib/python3.7/site-packages/sklearn/linear_model/least_angle.py:1127: DeprecationWarning: `np.float` is a deprecated alias for the builtin `float`. To silence this warning, use `float` by itself. Doing this will not modify any behavior and is safe. If you specifically wanted the numpy scalar type, use `np.float64` here.
Deprecated in NumPy 1.20; for more details and guidance: https://numpy.org/devdocs/release/1.20.0-notes.html#deprecations
  eps=np.finfo(np.float).eps, positive=False):
/home/mohammad/anaconda3/envs/graphzoom-tf1/lib/python3.7/site-packages/sklearn/linear_model/least_angle.py:1362: DeprecationWarning: `np.float` is a deprecated alias for the builtin `float`. To silence this warning, use `float` by itself. Doing this will not modify any behavior and is safe. If you specifically wanted the numpy scalar type, use `np.float64` here.
Deprecated in NumPy 1.20; for more details and guidance: https://numpy.org/devdocs/release/1.20.0-notes.html#deprecations
  max_n_alphas=1000, n_jobs=None, eps=np.finfo(np.float).eps,
/home/mohammad/anaconda3/envs/graphzoom-tf1/lib/python3.7/site-packages/sklearn/linear_model/least_angle.py:1602: DeprecationWarning: `np.float` is a deprecated alias for the builtin `float`. To silence this warning, use `float` by itself. Doing this will not modify any behavior and is safe. If you specifically wanted the numpy scalar type, use `np.float64` here.
Deprecated in NumPy 1.20; for more details and guidance: https://numpy.org/devdocs/release/1.20.0-notes.html#deprecations
  max_n_alphas=1000, n_jobs=None, eps=np.finfo(np.float).eps,
/home/mohammad/anaconda3/envs/graphzoom-tf1/lib/python3.7/site-packages/sklearn/linear_model/least_angle.py:1738: DeprecationWarning: `np.float` is a deprecated alias for the builtin `float`. To silence this warning, use `float` by itself. Doing this will not modify any behavior and is safe. If you specifically wanted the numpy scalar type, use `np.float64` here.
Deprecated in NumPy 1.20; for more details and guidance: https://numpy.org/devdocs/release/1.20.0-notes.html#deprecations
  eps=np.finfo(np.float).eps, copy_X=True, positive=False):
WARNING:tensorflow:From /home/mohammad/GraphZoom/graphzoom/embed_methods/graphsage/graphsage.py:49: The name tf.set_random_seed is deprecated. Please use tf.compat.v1.set_random_seed instead.

%%%%%% Loading Graph Data %%%%%%
%%%%%% Starting Graph Reduction %%%%%%
Coarsening Level: 1
Num of nodes:  1966 Num of edges:  3836
Coarsening Level: 2
Num of nodes:  1538 Num of edges:  3045
%%%%%% Starting Graph Embedding %%%%%%
Loading training data..
Removed 0 nodes that lacked proper annotations due to networkx versioning issues
Loaded data.. now preprocessing..
Whether consider weighted graph?????? True
The 0-th walk
The 1-th walk
The 2-th walk
The 3-th walk
The 4-th walk
The 5-th walk
The 6-th walk
The 7-th walk
The 8-th walk
The 9-th walk
The 10-th walk
The 11-th walk
The 12-th walk
The 13-th walk
The 14-th walk
The 15-th walk
The 16-th walk
The 17-th walk
The 18-th walk
The 19-th walk
The 20-th walk
The 21-th walk
The 22-th walk
The 23-th walk
The 24-th walk
The 25-th walk
The 26-th walk
The 27-th walk
The 28-th walk
The 29-th walk
The 30-th walk
The 31-th walk
The 32-th walk
The 33-th walk
The 34-th walk
The 35-th walk
The 36-th walk
The 37-th walk
The 38-th walk
The 39-th walk
The 40-th walk
The 41-th walk
The 42-th walk
The 43-th walk
The 44-th walk
The 45-th walk
The 46-th walk
The 47-th walk
The 48-th walk
The 49-th walk
The 0-th walk
The 1-th walk
The 2-th walk
The 3-th walk
The 4-th walk
The 5-th walk
The 6-th walk
The 7-th walk
The 8-th walk
The 9-th walk
The 10-th walk
The 11-th walk
The 12-th walk
The 13-th walk
The 14-th walk
The 15-th walk
The 16-th walk
The 17-th walk
The 18-th walk
The 19-th walk
The 20-th walk
The 21-th walk
The 22-th walk
The 23-th walk
The 24-th walk
The 25-th walk
The 26-th walk
The 27-th walk
The 28-th walk
The 29-th walk
The 30-th walk
The 31-th walk
The 32-th walk
The 33-th walk
The 34-th walk
The 35-th walk
The 36-th walk
The 37-th walk
The 38-th walk
The 39-th walk
The 40-th walk
The 41-th walk
The 42-th walk
The 43-th walk
The 44-th walk
The 45-th walk
The 46-th walk
The 47-th walk
The 48-th walk
The 49-th walk
The 0-th walk
The 1-th walk
The 2-th walk
The 3-th walk
The 4-th walk
The 5-th walk
The 6-th walk
The 7-th walk
The 8-th walk
The 9-th walk
The 10-th walk
The 11-th walk
The 12-th walk
The 13-th walk
The 14-th walk
The 15-th walk
The 16-th walk
The 17-th walk
The 18-th walk
The 19-th walk
The 20-th walk
The 21-th walk
The 22-th walk
The 23-th walk
The 24-th walk
The 25-th walk
The 26-th walk
The 27-th walk
The 28-th walk
The 29-th walk
The 30-th walk
The 31-th walk
The 32-th walk
The 33-th walk
The 34-th walk
The 35-th walk
The 36-th walk
The 37-th walk
The 38-th walk
The 39-th walk
The 40-th walk
The 41-th walk
The 42-th walk
The 43-th walk
The 44-th walk
The 45-th walk
The 46-th walk
The 47-th walk
The 48-th walk
The 49-th walk
The 0-th walk
The 1-th walk
The 2-th walk
The 3-th walk
The 4-th walk
The 5-th walk
The 6-th walk
The 7-th walk
The 8-th walk
The 9-th walk
The 10-th walk
The 11-th walk
The 12-th walk
The 13-th walk
The 14-th walk
The 15-th walk
The 16-th walk
The 17-th walk
The 18-th walk
The 19-th walk
The 20-th walk
The 21-th walk
The 22-th walk
The 23-th walk
The 24-th walk
The 25-th walk
The 26-th walk
The 27-th walk
The 28-th walk
The 29-th walk
The 30-th walk
The 31-th walk
The 32-th walk
The 33-th walk
The 34-th walk
The 35-th walk
The 36-th walk
The 37-th walk
The 38-th walk
The 39-th walk
The 40-th walk
The 41-th walk
The 42-th walk
The 43-th walk
The 44-th walk
The 45-th walk
The 46-th walk
The 47-th walk
The 48-th walk
The 49-th walk
The 0-th walk
The 1-th walk
The 2-th walk
The 3-th walk
The 4-th walk
The 5-th walk
The 6-th walk
The 7-th walk
The 8-th walk
The 9-th walk
The 10-th walk
The 11-th walk
The 12-th walk
The 13-th walk
The 14-th walk
The 15-th walk
The 16-th walk
The 17-th walk
The 18-th walk
The 19-th walk
The 20-th walk
The 21-th walk
The 22-th walk
The 23-th walk
The 24-th walk
The 25-th walk
The 26-th walk
The 27-th walk
The 28-th walk
The 29-th walk
The 30-th walk
The 31-th walk
The 32-th walk
The 33-th walk
The 34-th walk
The 35-th walk
The 36-th walk
The 37-th walk
The 38-th walk
The 39-th walk
The 40-th walk
The 41-th walk
The 42-th walk
The 43-th walk
The 44-th walk
The 45-th walk
The 46-th walk
The 47-th walk
The 48-th walk
The 49-th walk
The 0-th walk
The 1-th walk
The 2-th walk
The 3-th walk
The 4-th walk
The 5-th walk
The 6-th walk
The 7-th walk
The 8-th walk
The 9-th walk
The 10-th walk
The 11-th walk
The 12-th walk
The 13-th walk
The 14-th walk
The 15-th walk
The 16-th walk
The 17-th walk
The 18-th walk
The 19-th walk
The 20-th walk
The 21-th walk
The 22-th walk
The 23-th walk
The 24-th walk
The 25-th walk
The 26-th walk
The 27-th walk
The 28-th walk
The 29-th walk
The 30-th walk
The 31-th walk
The 32-th walk
The 33-th walk
The 34-th walk
The 35-th walk
The 36-th walk
The 37-th walk
The 38-th walk
The 39-th walk
The 40-th walk
The 41-th walk
The 42-th walk
The 43-th walk
The 44-th walk
The 45-th walk
The 46-th walk
The 47-th walk
The 48-th walk
The 49-th walk
The 0-th walk
The 1-th walk
The 2-th walk
The 3-th walk
The 4-th walk
The 5-th walk
The 6-th walk
The 7-th walk
The 8-th walk
The 9-th walk
The 10-th walk
The 11-th walk
The 12-th walk
The 13-th walk
The 14-th walk
The 15-th walk
The 16-th walk
The 17-th walk
The 18-th walk
The 19-th walk
The 20-th walk
The 21-th walk
The 22-th walk
The 23-th walk
The 24-th walk
The 25-th walk
The 26-th walk
The 27-th walk
The 28-th walk
The 29-th walk
The 30-th walk
The 31-th walk
The 32-th walk
The 33-th walk
The 34-th walk
The 35-th walk
The 36-th walk
The 37-th walk
The 38-th walk
The 39-th walk
The 40-th walk
The 41-th walk
The 42-th walk
The 43-th walk
The 44-th walk
The 45-th walk
The 46-th walk
The 47-th walk
The 48-th walk
The 49-th walk
The 0-th walk
The 1-th walk
The 2-th walk
The 3-th walk
The 4-th walk
The 5-th walk
The 6-th walk
The 7-th walk
The 8-th walk
The 9-th walk
The 10-th walk
The 11-th walk
The 12-th walk
The 13-th walk
The 14-th walk
The 15-th walk
The 16-th walk
The 17-th walk
The 18-th walk
The 19-th walk
The 20-th walk
The 21-th walk
The 22-th walk
The 23-th walk
The 24-th walk
The 25-th walk
The 26-th walk
The 27-th walk
The 28-th walk
The 29-th walk
The 30-th walk
The 31-th walk
The 32-th walk
The 33-th walk
The 34-th walk
The 35-th walk
The 36-th walk
The 37-th walk
The 38-th walk
The 39-th walk
The 40-th walk
The 41-th walk
The 42-th walk
The 43-th walk
The 44-th walk
The 45-th walk
The 46-th walk
The 47-th walk
The 48-th walk
The 49-th walk
The 0-th walk
The 1-th walk
The 2-th walk
The 3-th walk
The 4-th walk
The 5-th walk
The 6-th walk
The 7-th walk
The 8-th walk
The 9-th walk
The 10-th walk
The 11-th walk
The 12-th walk
The 13-th walk
The 14-th walk
The 15-th walk
The 16-th walk
The 17-th walk
The 18-th walk
The 19-th walk
The 20-th walk
The 21-th walk
The 22-th walk
The 23-th walk
The 24-th walk
The 25-th walk
The 26-th walk
The 27-th walk
The 28-th walk
The 29-th walk
The 30-th walk
The 31-th walk
The 32-th walk
The 33-th walk
The 34-th walk
The 35-th walk
The 36-th walk
The 37-th walk
The 38-th walk
The 39-th walk
The 40-th walk
The 41-th walk
The 42-th walk
The 43-th walk
The 44-th walk
The 45-th walk
The 46-th walk
The 47-th walk
The 48-th walk
The 49-th walk
The 0-th walk
The 1-th walk
The 2-th walk
The 3-th walk
The 4-th walk
The 5-th walk
The 6-th walk
The 7-th walk
The 8-th walk
The 9-th walk
The 10-th walk
The 11-th walk
The 12-th walk
The 13-th walk
The 14-th walk
The 15-th walk
The 16-th walk
The 17-th walk
The 18-th walk
The 19-th walk
The 20-th walk
The 21-th walk
The 22-th walk
The 23-th walk
The 24-th walk
The 25-th walk
The 26-th walk
The 27-th walk
The 28-th walk
The 29-th walk
The 30-th walk
The 31-th walk
The 32-th walk
The 33-th walk
The 34-th walk
The 35-th walk
The 36-th walk
The 37-th walk
The 38-th walk
The 39-th walk
The 40-th walk
The 41-th walk
The 42-th walk
The 43-th walk
The 44-th walk
The 45-th walk
The 46-th walk
The 47-th walk
The 48-th walk
The 49-th walk
The 0-th walk
The 1-th walk
The 2-th walk
The 3-th walk
The 4-th walk
The 5-th walk
The 6-th walk
The 7-th walk
The 8-th walk
The 9-th walk
The 10-th walk
The 11-th walk
The 12-th walk
The 13-th walk
The 14-th walk
The 15-th walk
The 16-th walk
The 17-th walk
The 18-th walk
The 19-th walk
The 20-th walk
The 21-th walk
The 22-th walk
The 23-th walk
The 24-th walk
The 25-th walk
The 26-th walk
The 27-th walk
The 28-th walk
The 29-th walk
The 30-th walk
The 31-th walk
The 32-th walk
The 33-th walk
The 34-th walk
The 35-th walk
The 36-th walk
The 37-th walk
The 38-th walk
The 39-th walk
The 40-th walk
The 41-th walk
The 42-th walk
The 43-th walk
The 44-th walk
The 45-th walk
The 46-th walk
The 47-th walk
The 48-th walk
The 49-th walk
The 0-th walk
The 1-th walk
The 2-th walk
The 3-th walk
The 4-th walk
The 5-th walk
The 6-th walk
The 7-th walk
The 8-th walk
The 9-th walk
The 10-th walk
The 11-th walk
The 12-th walk
The 13-th walk
The 14-th walk
The 15-th walk
The 16-th walk
The 17-th walk
The 18-th walk
The 19-th walk
The 20-th walk
The 21-th walk
The 22-th walk
The 23-th walk
The 24-th walk
The 25-th walk
The 26-th walk
The 27-th walk
The 28-th walk
The 29-th walk
The 30-th walk
The 31-th walk
The 32-th walk
The 33-th walk
The 34-th walk
The 35-th walk
The 36-th walk
The 37-th walk
The 38-th walk
The 39-th walk
The 40-th walk
The 41-th walk
The 42-th walk
The 43-th walk
The 44-th walk
The 45-th walk
The 46-th walk
The 47-th walk
The 48-th walk
The 49-th walk
The 0-th walk
The 1-th walk
The 2-th walk
The 3-th walk
The 4-th walk
The 5-th walk
The 6-th walk
The 7-th walk
The 8-th walk
The 9-th walk
The 10-th walk
The 11-th walk
The 12-th walk
The 13-th walk
The 14-th walk
The 15-th walk
The 16-th walk
The 17-th walk
The 18-th walk
The 19-th walk
The 20-th walk
The 21-th walk
The 22-th walk
The 23-th walk
The 24-th walk
The 25-th walk
The 26-th walk
The 27-th walk
The 28-th walk
The 29-th walk
The 30-th walk
The 31-th walk
The 32-th walk
The 33-th walk
The 34-th walk
The 35-th walk
The 36-th walk
The 37-th walk
The 38-th walk
The 39-th walk
The 40-th walk
The 41-th walk
The 42-th walk
The 43-th walk
The 44-th walk
The 45-th walk
The 46-th walk
The 47-th walk
The 48-th walk
The 49-th walk
The 0-th walk
The 1-th walk
The 2-th walk
The 3-th walk
The 4-th walk
The 5-th walk
The 6-th walk
The 7-th walk
The 8-th walk
The 9-th walk
The 10-th walk
The 11-th walk
The 12-th walk
The 13-th walk
The 14-th walk
The 15-th walk
The 16-th walk
The 17-th walk
The 18-th walk
The 19-th walk
The 20-th walk
The 21-th walk
The 22-th walk
The 23-th walk
The 24-th walk
The 25-th walk
The 26-th walk
The 27-th walk
The 28-th walk
The 29-th walk
The 30-th walk
The 31-th walk
The 32-th walk
The 33-th walk
The 34-th walk
The 35-th walk
The 36-th walk
The 37-th walk
The 38-th walk
The 39-th walk
The 40-th walk
The 41-th walk
The 42-th walk
The 43-th walk
The 44-th walk
The 45-th walk
The 46-th walk
The 47-th walk
The 48-th walk
The 49-th walk
The 0-th walk
The 1-th walk
The 2-th walk
The 3-th walk
The 4-th walk
The 5-th walk
The 6-th walk
The 7-th walk
The 8-th walk
The 9-th walk
The 10-th walk
The 11-th walk
The 12-th walk
The 13-th walk
The 14-th walk
The 15-th walk
The 16-th walk
The 17-th walk
The 18-th walk
The 19-th walk
The 20-th walk
The 21-th walk
The 22-th walk
The 23-th walk
The 24-th walk
The 25-th walk
The 26-th walk
The 27-th walk
The 28-th walk
The 29-th walk
The 30-th walk
The 31-th walk
The 32-th walk
The 33-th walk
The 34-th walk
The 35-th walk
The 36-th walk
The 37-th walk
The 38-th walk
The 39-th walk
The 40-th walk
The 41-th walk
The 42-th walk
The 43-th walk
The 44-th walk
The 45-th walk
The 46-th walk
The 47-th walk
The 48-th walk
The 49-th walk
The 0-th walk
The 1-th walk
The 2-th walk
The 3-th walk
The 4-th walk
The 5-th walk
The 6-th walk
The 7-th walk
The 8-th walk
The 9-th walk
The 10-th walk
The 11-th walk
The 12-th walk
The 13-th walk
The 14-th walk
The 15-th walk
The 16-th walk
The 17-th walk
The 18-th walk
The 19-th walk
The 20-th walk
The 21-th walk
The 22-th walk
The 23-th walk
The 24-th walk
The 25-th walk
The 26-th walk
The 27-th walk
The 28-th walk
The 29-th walk
The 30-th walk
The 31-th walk
The 32-th walk
The 33-th walk
The 34-th walk
The 35-th walk
The 36-th walk
The 37-th walk
The 38-th walk
The 39-th walk
The 40-th walk
The 41-th walk
The 42-th walk
The 43-th walk
The 44-th walk
The 45-th walk
The 46-th walk
The 47-th walk
The 48-th walk
The 49-th walk
The 0-th walk
The 1-th walk
The 2-th walk
The 3-th walk
The 4-th walk
The 5-th walk
The 6-th walk
The 7-th walk
The 8-th walk
The 9-th walk
The 10-th walk
The 11-th walk
The 12-th walk
The 13-th walk
The 14-th walk
The 15-th walk
The 16-th walk
The 17-th walk
The 18-th walk
The 19-th walk
The 20-th walk
The 21-th walk
The 22-th walk
The 23-th walk
The 24-th walk
The 25-th walk
The 26-th walk
The 27-th walk
The 28-th walk
The 29-th walk
The 30-th walk
The 31-th walk
The 32-th walk
The 33-th walk
The 34-th walk
The 35-th walk
The 36-th walk
The 37-th walk
The 38-th walk
The 39-th walk
The 40-th walk
The 41-th walk
The 42-th walk
The 43-th walk
The 44-th walk
The 45-th walk
The 46-th walk
The 47-th walk
The 48-th walk
The 49-th walk
The 0-th walk
The 1-th walk
The 2-th walk
The 3-th walk
The 4-th walk
The 5-th walk
The 6-th walk
The 7-th walk
The 8-th walk
The 9-th walk
The 10-th walk
The 11-th walk
The 12-th walk
The 13-th walk
The 14-th walk
The 15-th walk
The 16-th walk
The 17-th walk
The 18-th walk
The 19-th walk
The 20-th walk
The 21-th walk
The 22-th walk
The 23-th walk
The 24-th walk
The 25-th walk
The 26-th walk
The 27-th walk
The 28-th walk
The 29-th walk
The 30-th walk
The 31-th walk
The 32-th walk
The 33-th walk
The 34-th walk
The 35-th walk
The 36-th walk
The 37-th walk
The 38-th walk
The 39-th walk
The 40-th walk
The 41-th walk
The 42-th walk
The 43-th walk
The 44-th walk
The 45-th walk
The 46-th walk
The 47-th walk
The 48-th walk
The 49-th walk
The 0-th walk
The 1-th walk
The 2-th walk
The 3-th walk
The 4-th walk
The 5-th walk
The 6-th walk
The 7-th walk
The 8-th walk
The 9-th walk
The 10-th walk
The 11-th walk
The 12-th walk
The 13-th walk
The 14-th walk
The 15-th walk
The 16-th walk
The 17-th walk
The 18-th walk
The 19-th walk
The 20-th walk
The 21-th walk
The 22-th walk
The 23-th walk
The 24-th walk
The 25-th walk
The 26-th walk
The 27-th walk
The 28-th walk
The 29-th walk
The 30-th walk
The 31-th walk
The 32-th walk
The 33-th walk
The 34-th walk
The 35-th walk
The 36-th walk
The 37-th walk
The 38-th walk
The 39-th walk
The 40-th walk
The 41-th walk
The 42-th walk
The 43-th walk
The 44-th walk
The 45-th walk
The 46-th walk
The 47-th walk
The 48-th walk
The 49-th walk
The 0-th walk
The 1-th walk
The 2-th walk
The 3-th walk
The 4-th walk
The 5-th walk
The 6-th walk
The 7-th walk
The 8-th walk
The 9-th walk
The 10-th walk
The 11-th walk
The 12-th walk
The 13-th walk
The 14-th walk
The 15-th walk
The 16-th walk
The 17-th walk
The 18-th walk
The 19-th walk
The 20-th walk
The 21-th walk
The 22-th walk
The 23-th walk
The 24-th walk
The 25-th walk
The 26-th walk
The 27-th walk
The 28-th walk
The 29-th walk
The 30-th walk
The 31-th walk
The 32-th walk
The 33-th walk
The 34-th walk
The 35-th walk
The 36-th walk
The 37-th walk
The 38-th walk
The 39-th walk
The 40-th walk
The 41-th walk
The 42-th walk
The 43-th walk
The 44-th walk
The 45-th walk
The 46-th walk
The 47-th walk
The 48-th walk
The 49-th walk
WARNING:tensorflow:From /home/mohammad/GraphZoom/graphzoom/embed_methods/graphsage/graphsage.py:104: The name tf.placeholder is deprecated. Please use tf.compat.v1.placeholder instead.

WARNING:tensorflow:From /home/mohammad/GraphZoom/graphzoom/embed_methods/graphsage/graphsage.py:109: The name tf.placeholder_with_default is deprecated. Please use tf.compat.v1.placeholder_with_default instead.

WARNING:tensorflow:From /home/mohammad/GraphZoom/graphzoom/embed_methods/graphsage/models.py:253: The name tf.train.AdamOptimizer is deprecated. Please use tf.compat.v1.train.AdamOptimizer instead.

WARNING:tensorflow:From /home/mohammad/GraphZoom/graphzoom/embed_methods/graphsage/neigh_samplers.py:27: The name tf.random_shuffle is deprecated. Please use tf.random.shuffle instead.

WARNING:tensorflow:From /home/mohammad/GraphZoom/graphzoom/embed_methods/graphsage/aggregators.py:29: The name tf.variable_scope is deprecated. Please use tf.compat.v1.variable_scope instead.

WARNING:tensorflow:From /home/mohammad/GraphZoom/graphzoom/embed_methods/graphsage/inits.py:13: The name tf.random_uniform is deprecated. Please use tf.random.uniform instead.

WARNING:tensorflow:From /home/mohammad/GraphZoom/graphzoom/embed_methods/graphsage/aggregators.py:46: calling dropout (from tensorflow.python.ops.nn_ops) with keep_prob is deprecated and will be removed in a future version.
Instructions for updating:
Please use `rate` instead of `keep_prob`. Rate should be set to `rate = 1 - keep_prob`.
WARNING:tensorflow:From /home/mohammad/anaconda3/envs/graphzoom-tf1/lib/python3.7/site-packages/tensorflow_core/python/ops/nn_impl.py:183: where (from tensorflow.python.ops.array_ops) is deprecated and will be removed in a future version.
Instructions for updating:
Use tf.where in 2.0, which has the same broadcast rule as np.where
WARNING:tensorflow:From /home/mohammad/GraphZoom/graphzoom/embed_methods/graphsage/models.py:394: The name tf.summary.scalar is deprecated. Please use tf.compat.v1.summary.scalar instead.

WARNING:tensorflow:From /home/mohammad/GraphZoom/graphzoom/embed_methods/graphsage/models.py:407: div (from tensorflow.python.ops.math_ops) is deprecated and will be removed in a future version.
Instructions for updating:
Deprecated in favor of operator or tf.math.divide.
WARNING:tensorflow:From /home/mohammad/GraphZoom/graphzoom/embed_methods/graphsage/graphsage.py:210: The name tf.ConfigProto is deprecated. Please use tf.compat.v1.ConfigProto instead.

WARNING:tensorflow:From /home/mohammad/GraphZoom/graphzoom/embed_methods/graphsage/graphsage.py:216: The name tf.Session is deprecated. Please use tf.compat.v1.Session instead.

WARNING:tensorflow:From /home/mohammad/GraphZoom/graphzoom/embed_methods/graphsage/graphsage.py:217: The name tf.summary.merge_all is deprecated. Please use tf.compat.v1.summary.merge_all instead.

WARNING:tensorflow:From /home/mohammad/GraphZoom/graphzoom/embed_methods/graphsage/graphsage.py:220: The name tf.global_variables_initializer is deprecated. Please use tf.compat.v1.global_variables_initializer instead.

WARNING:tensorflow:From /home/mohammad/GraphZoom/graphzoom/embed_methods/graphsage/graphsage.py:231: The name tf.assign is deprecated. Please use tf.compat.v1.assign instead.

/home/mohammad/anaconda3/envs/graphzoom-tf1/lib/python3.7/site-packages/sklearn/utils/fixes.py:223: DeprecationWarning: distutils Version classes are deprecated. Use packaging.version instead.
  if _joblib.__version__ >= LooseVersion('0.12'):
Done loading training data..
Unexpected missing: 0
1538 train nodes
0 test nodes
Epoch: 0001
Iter: 0000 train_loss= 18.66909 train_mrr= 0.37207 train_mrr_ema= 0.37207 val_loss= nan val_mrr= nan val_mrr_ema= nan time= 1.50190
Iter: 0050 train_loss= 18.08564 train_mrr= 0.43105 train_mrr_ema= 0.37456 val_loss= nan val_mrr= nan val_mrr_ema= nan time= 1.01899
Iter: 0100 train_loss= 17.70124 train_mrr= 0.38280 train_mrr_ema= 0.37742 val_loss= nan val_mrr= nan val_mrr_ema= nan time= 1.02763
Iter: 0150 train_loss= 17.11980 train_mrr= 0.45862 train_mrr_ema= 0.38740 val_loss= nan val_mrr= nan val_mrr_ema= nan time= 1.02840
Iter: 0200 train_loss= 16.71745 train_mrr= 0.41575 train_mrr_ema= 0.39706 val_loss= nan val_mrr= nan val_mrr_ema= nan time= 1.00096
Iter: 0250 train_loss= 16.36585 train_mrr= 0.43743 train_mrr_ema= 0.40276 val_loss= nan val_mrr= nan val_mrr_ema= nan time= 0.98304
Iter: 0300 train_loss= 15.91292 train_mrr= 0.47814 train_mrr_ema= 0.41251 val_loss= nan val_mrr= nan val_mrr_ema= nan time= 0.97926
Iter: 0350 train_loss= 15.73218 train_mrr= 0.44845 train_mrr_ema= 0.41810 val_loss= nan val_mrr= nan val_mrr_ema= nan time= 0.97268
Iter: 0400 train_loss= 15.49377 train_mrr= 0.42254 train_mrr_ema= 0.42430 val_loss= nan val_mrr= nan val_mrr_ema= nan time= 0.97045
Iter: 0450 train_loss= 15.34979 train_mrr= 0.43859 train_mrr_ema= 0.43255 val_loss= nan val_mrr= nan val_mrr_ema= nan time= 0.99067
Iter: 0500 train_loss= 15.05700 train_mrr= 0.45732 train_mrr_ema= 0.43614 val_loss= nan val_mrr= nan val_mrr_ema= nan time= 1.00549
Iter: 0550 train_loss= 15.01256 train_mrr= 0.43620 train_mrr_ema= 0.44219 val_loss= nan val_mrr= nan val_mrr_ema= nan time= 1.00763
Optimization Finished!
embed_start=  4.56914948
time.process_time()=  3576.140209569
embed_time=  3571.571068558
%%%%%% Starting Graph Refinement %%%%%%
%%%%%% Starting Evaluation %%%%%%
Loading data...
Running regression..
Test Accuracy:  0.753
%%%%%% CPU time %%%%%%
Graph Fusion     Time: 0
Graph Reduction  Time: 0.267
Graph Embedding  Time: 3571.571
Graph Refinement Time: 0.017
Total Time = Fusion_time + Reduction_time + Embedding_time + Refinement_time = 3571.854
========================================
Wall clock end time: Mon Jul 28 11:35:13 AM EDT 2025
Wall clock end timestamp: 1753716913.853912195
Wall clock duration: 603.051895008s
Exit code: 0
